<html><body>
<li><a href="A.scala.html">A.scala</a></li>
<li><a href="Comments.scala.html">Comments.scala</a></li>
<li><a href="Defs.scala.html">Defs.scala</a></li>
<li><a href="If.scala.html">If.scala</a></li>
<li><a href="Literals.scala.html">Literals.scala</a></li>
<li><a href="NestedDefs.scala.html">NestedDefs.scala</a></li>
<li><a href="Q.scala.html">Q.scala</a></li>
<li><a href="XML.scala.html">XML.scala</a></li>
</body></html>