<html><body>
<li><a href="RefDefs.scala.html">RefDefs.scala</a></li>
</body></html>