<?xml version="1.0" encoding="utf-8"?>
<!DOCTYPE html PUBLIC "-//W3C//DTD XHTML 1.0 Transitional//EN" "http://www.w3.org/TR/xhtml1/DTD/xhtml1-transitional.dtd">
<html xmlns="http://www.w3.org/1999/xhtml">
    <head>
        <meta http-equiv="Content-Type" content="text/html;charset=utf-8" ></meta>
        <title>RefDefs.scala</title>
        <script type="text/javascript" src="jquery-all.js"></script>
        <script type="text/javascript" src="linked.js"></script>
        <link rel="stylesheet" type="text/css" href="style.css" title="Style"></link>
    </head>
    <body>
        <pre>
import defs.<a href="file:/mirror/forks/sxr/test/target/scala-2.11/classes.sxr/Defs.scala.html#defs.Defs" title="defs.Defs.type">Defs</a>._

object <a title="Ref.type" id="Ref">Ref</a> <a href="#Ref" title="Ref.type" class="delimiter">{</a>
  val <a title="defs.Defs.A" id="Ref.a">a</a> = new <a href="file:/mirror/forks/sxr/test/target/scala-2.11/classes.sxr/Defs.scala.html#defs.Defs;A" title="defs.Defs.A">A</a>
  val <a title="defs.Defs.B[Int]" id="Ref.b">b</a> = new defs.Defs.<a href="file:/mirror/forks/sxr/test/target/scala-2.11/classes.sxr/Defs.scala.html#defs.Defs;B" title="defs.Defs.B[Int]">B</a><span class="delimiter">[</span>Int<span class="delimiter">]</span>

  val <a title="Int" id="Ref.q">q</a> = <a href="#Ref.b" title="=&gt; defs.Defs.B[Int]">b</a>.<a href="file:/mirror/forks/sxr/test/target/scala-2.11/classes.sxr/Defs.scala.html#defs.Defs;B.x" title="(t: Int)Int">x</a><span class="delimiter">(</span><span title="Int(3)" class="int">3</span><span class="delimiter">)</span>

  val <a title="NestedDefs.K.K2.type" id="Ref.k">k</a> = <a href="file:/mirror/forks/sxr/test/target/scala-2.11/classes.sxr/NestedDefs.scala.html#NestedDefs" title="NestedDefs.type">NestedDefs</a>.<a href="file:/mirror/forks/sxr/test/target/scala-2.11/classes.sxr/NestedDefs.scala.html#NestedDefs.K" title="NestedDefs.K.type">K</a>.<a href="file:/mirror/forks/sxr/test/target/scala-2.11/classes.sxr/NestedDefs.scala.html#NestedDefs.K.K2" title="NestedDefs.K.K2.type">K2</a>
<span class="delimiter">}</span>

        </pre>
    </body>
</html>
